// Jest Snapshot v1, https://goo.gl/fbAQLP

exports[`Header renders correctly 1`] = `
<div>
  <nav
    class="flex px-2 bg-orange-600 items-center"
  >
    <a
      class="font-semibold mr-3 flex items-center"
      href="/news/1"
    >
      <img
        alt="Hacker News"
        src="/logo32.png"
      />
      <span
        class="p-2"
      >
        Hacker News
      </span>
    </a>
    <a
      class="text-black no-underline"
      href="/news/1"
    >
      Top
    </a>
    <div
      class="px-2"
    >
      |
    </div>
    <a
      class="text-black no-underline"
      href="/newest/1"
    >
      New
    </a>
    <div
      class="px-2"
    >
      |
    </div>
    <a
      class="text-black no-underline"
      href="/show/1"
    >
      Show
    </a>
    <div
      class="px-2"
    >
      |
    </div>
    <a
      class="text-black no-underline"
      href="/ask/1"
    >
      Ask
    </a>
    <div
      class="px-2"
    >
      |
    </div>
    <a
      class="text-black no-underline"
      href="/jobs/1"
    >
      Jobs
    </a>
  </nav>
</div>
`;
