// Jest Snapshot v1, https://goo.gl/fbAQLP

exports[`Header renders correctly 1`] = `
<div>
  <nav
    class="flex px-2 bg-orange-600"
  >
    <a
      class="font-semibold mr-3"
      href="/news/1"
    >
      Hacker News
    </a>
    <a
      class="text-black no-underline mx-2"
      href="/news/1"
    >
      Top
    </a>
    <div
      class="h-5/6 w-px bg-black"
    >
       
    </div>
    <a
      class="text-black no-underline mx-2"
      href="/newest/1"
    >
      New
    </a>
    <div
      class="h-5/6 w-px bg-black"
    >
       
    </div>
    <a
      class="text-black no-underline mx-2"
      href="/show/1"
    >
      Show
    </a>
    <div
      class="h-5/6 w-px bg-black"
    >
       
    </div>
    <a
      class="text-black no-underline mx-2"
      href="/ask/1"
    >
      Ask
    </a>
    <div
      class="h-5/6 w-px bg-black"
    >
       
    </div>
    <a
      class="text-black no-underline mx-2"
      href="/jobs/1"
    >
      Jobs
    </a>
  </nav>
</div>
`;
