// Jest Snapshot v1, https://goo.gl/fbAQLP

exports[`FeedItem renders correctly 1`] = `
<div>
  <div
    class="flex"
  >
    <div
      class="flex flex-col"
    >
      <div
        class="flex flex-row align space-x-2"
      >
        <a
          class="peer visited:text-gray-500"
          href="https://www.google.com"
          rel="noopener noreferrer"
          target="_blank"
        >
          This cool story!
        </a>
        <a
          class="peer-visited:text-gray-500"
          href="google.com"
          rel="noopener noreferrer"
          target="_blank"
        >
          (
          google.com
          )
        </a>
      </div>
      <div
        class="flex flex-row text-gray-500 text-xs"
      >
        54
         points by 
        <a
          class="hover:underline"
          href="/user/username123"
        >
          username123
        </a>
         
        8 hours ago
        <div
          class="px-2"
        >
          |
        </div>
        <a
          class="hover:underline"
          href="/story/33934580"
        >
          226
           comments
        </a>
      </div>
    </div>
  </div>
</div>
`;
